22:49:38 **** Incremental Build of configuration Debug for project Breadboard_developement ****
make -j8 all 
arm-none-eabi-gcc "../Core/Src/adc.c" -mcpu=cortex-m0plus -std=gnu11 -g3 -DDEBUG -DUSE_HAL_DRIVER -DSTM32G031xx -c -I../Core/Inc -I../Drivers/STM32G0xx_HAL_Driver/Inc -I../Drivers/STM32G0xx_HAL_Driver/Inc/Legacy -I../Drivers/CMSIS/Device/ST/STM32G0xx/Include -I../Drivers/CMSIS/Include -O0 -ffunction-sections -fdata-sections -Wall -fstack-usage -fcyclomatic-complexity -MMD -MP -MF"Core/Src/adc.d" -MT"Core/Src/adc.o" --specs=nano.specs -mfloat-abi=soft -mthumb -o "Core/Src/adc.o"
arm-none-eabi-gcc "../Core/Src/main.c" -mcpu=cortex-m0plus -std=gnu11 -g3 -DDEBUG -DUSE_HAL_DRIVER -DSTM32G031xx -c -I../Core/Inc -I../Drivers/STM32G0xx_HAL_Driver/Inc -I../Drivers/STM32G0xx_HAL_Driver/Inc/Legacy -I../Drivers/CMSIS/Device/ST/STM32G0xx/Include -I../Drivers/CMSIS/Include -O0 -ffunction-sections -fdata-sections -Wall -fstack-usage -fcyclomatic-complexity -MMD -MP -MF"Core/Src/main.d" -MT"Core/Src/main.o" --specs=nano.specs -mfloat-abi=soft -mthumb -o "Core/Src/main.o"
arm-none-eabi-gcc -o "Breadboard_developement.elf" @"objects.list"   -mcpu=cortex-m0plus -T"D:\Sarbach_Product dev\Gassensor-garage\Gas-sens_Rs-485\Software_Breadboard\Breadboard_developement\STM32G031K8TX_FLASH.ld" --specs=nosys.specs -Wl,-Map="Breadboard_developement.map" -Wl,--gc-sections -static --specs=nano.specs -mfloat-abi=soft -mthumb -Wl,--start-group -lc -lm -Wl,--end-group
Finished building target: Breadboard_developement.elf
 
arm-none-eabi-size   Breadboard_developement.elf 
arm-none-eabi-objdump -h -S  Breadboard_developement.elf  > "Breadboard_developement.list"
   text	   data	    bss	    dec	    hex	filename
  22152	     20	   2396	  24568	   5ff8	Breadboard_developement.elf
Finished building: default.size.stdout
 
Finished building: Breadboard_developement.list
 

22:49:40 Build Finished. 0 errors, 0 warnings. (took 1s.297ms)

