22:04:51 **** Build of configuration Debug for project Board_Dev-layout ****
make -j8 all 
arm-none-eabi-gcc "../Core/Src/main.c" -mcpu=cortex-m0plus -std=gnu11 -g3 -DDEBUG -DUSE_HAL_DRIVER -DSTM32G031xx -c -I../Core/Inc -I../Drivers/STM32G0xx_HAL_Driver/Inc -I../Drivers/STM32G0xx_HAL_Driver/Inc/Legacy -I../Drivers/CMSIS/Device/ST/STM32G0xx/Include -I../Drivers/CMSIS/Include -O0 -ffunction-sections -fdata-sections -Wall -fstack-usage -fcyclomatic-complexity -MMD -MP -MF"Core/Src/main.d" -MT"Core/Src/main.o" --specs=nano.specs -mfloat-abi=soft -mthumb -o "Core/Src/main.o"
arm-none-eabi-gcc "../Core/Src/modbusSlave.c" -mcpu=cortex-m0plus -std=gnu11 -g3 -DDEBUG -DUSE_HAL_DRIVER -DSTM32G031xx -c -I../Core/Inc -I../Drivers/STM32G0xx_HAL_Driver/Inc -I../Drivers/STM32G0xx_HAL_Driver/Inc/Legacy -I../Drivers/CMSIS/Device/ST/STM32G0xx/Include -I../Drivers/CMSIS/Include -O0 -ffunction-sections -fdata-sections -Wall -fstack-usage -fcyclomatic-complexity -MMD -MP -MF"Core/Src/modbusSlave.d" -MT"Core/Src/modbusSlave.o" --specs=nano.specs -mfloat-abi=soft -mthumb -o "Core/Src/modbusSlave.o"
../Core/Src/main.c: In function 'main':
../Core/Src/main.c:191:19: warning: assignment to 'uint32_t *' {aka 'long unsigned int *'} from 'int' makes pointer from integer without a cast [-Wint-conversion]
  191 |         Temp.gain = 1; //#TODO get this value from internal saved reference value
      |                   ^
../Core/Src/main.c:182:31: warning: variable 'Temp' set but not used [-Wunused-but-set-variable]
  182 |         struct sensor Co, No, Temp;
      |                               ^~~~
In file included from ../Core/Src/main.c:32:
At top level:
../Core/Inc/modbusSlave.h:37:16: warning: 'Coils_Database' defined but not used [-Wunused-variable]
   37 | static uint8_t Coils_Database[25]={
      |                ^~~~~~~~~~~~~~
../Core/Inc/modbusSlave.h:21:17: warning: 'Holding_Registers_Database' defined but not used [-Wunused-variable]
   21 | static uint16_t Holding_Registers_Database[50]={
      |                 ^~~~~~~~~~~~~~~~~~~~~~~~~~
../Core/Src/modbusSlave.c: In function 'writeHoldingRegs':
../Core/Src/modbusSlave.c:275:71: warning: operation on 'indx' may be undefined [-Wsequence-point]
  275 |                 Holding_Registers_Database[startAddr++] = (RxData[indx++]<<8)|RxData[indx++];
      |                                                                   ~~~~^~
arm-none-eabi-gcc -o "Board_Dev-layout.elf" @"objects.list"   -mcpu=cortex-m0plus -T"D:\Sarbach_Product dev\Gassensor-garage\Gas-sens_Rs-485\Software_Breadboard\Board_Dev-layout\STM32G031K8TX_FLASH.ld" --specs=nosys.specs -Wl,-Map="Board_Dev-layout.map" -Wl,--gc-sections -static --specs=nano.specs -mfloat-abi=soft -mthumb -Wl,--start-group -lc -lm -Wl,--end-group
Finished building target: Board_Dev-layout.elf
 
arm-none-eabi-size   Board_Dev-layout.elf 
arm-none-eabi-objdump -h -S  Board_Dev-layout.elf  > "Board_Dev-layout.list"
   text	   data	    bss	    dec	    hex	filename
  38356	    256	   2976	  41588	   a274	Board_Dev-layout.elf
Finished building: default.size.stdout
 
Finished building: Board_Dev-layout.list
 
22:58:08 **** Incremental Build of configuration Debug for project Board_Dev-layout ****
make -j8 all 
arm-none-eabi-gcc "../Core/Src/main.c" -mcpu=cortex-m0plus -std=gnu11 -g3 -DDEBUG -DUSE_HAL_DRIVER -DSTM32G031xx -c -I../Core/Inc -I../Drivers/STM32G0xx_HAL_Driver/Inc -I../Drivers/STM32G0xx_HAL_Driver/Inc/Legacy -I../Drivers/CMSIS/Device/ST/STM32G0xx/Include -I../Drivers/CMSIS/Include -O0 -ffunction-sections -fdata-sections -Wall -fstack-usage -fcyclomatic-complexity -MMD -MP -MF"Core/Src/main.d" -MT"Core/Src/main.o" --specs=nano.specs -mfloat-abi=soft -mthumb -o "Core/Src/main.o"
../Core/Src/main.c: In function 'main':
../Core/Src/main.c:191:19: warning: assignment to 'uint32_t *' {aka 'long unsigned int *'} from 'int' makes pointer from integer without a cast [-Wint-conversion]
  191 |         Temp.gain = 1; //#TODO get this value from internal saved reference value
      |                   ^
../Core/Src/main.c:182:31: warning: variable 'Temp' set but not used [-Wunused-but-set-variable]
  182 |         struct sensor Co, No, Temp;
      |                               ^~~~
In file included from ../Core/Src/main.c:32:
At top level:
../Core/Inc/modbusSlave.h:37:16: warning: 'Coils_Database' defined but not used [-Wunused-variable]
   37 | static uint8_t Coils_Database[25]={
      |                ^~~~~~~~~~~~~~
../Core/Inc/modbusSlave.h:21:17: warning: 'Holding_Registers_Database' defined but not used [-Wunused-variable]
   21 | static uint16_t Holding_Registers_Database[50]={
      |                 ^~~~~~~~~~~~~~~~~~~~~~~~~~
arm-none-eabi-gcc -o "Board_Dev-layout.elf" @"objects.list"   -mcpu=cortex-m0plus -T"D:\Sarbach_Product dev\Gassensor-garage\Gas-sens_Rs-485\Software_Breadboard\Board_Dev-layout\STM32G031K8TX_FLASH.ld" --specs=nosys.specs -Wl,-Map="Board_Dev-layout.map" -Wl,--gc-sections -static --specs=nano.specs -mfloat-abi=soft -mthumb -Wl,--start-group -lc -lm -Wl,--end-group
Finished building target: Board_Dev-layout.elf
 
arm-none-eabi-size   Board_Dev-layout.elf 
arm-none-eabi-objdump -h -S  Board_Dev-layout.elf  > "Board_Dev-layout.list"
   text	   data	    bss	    dec	    hex	filename
  36476	    256	   2976	  39708	   9b1c	Board_Dev-layout.elf
Finished building: default.size.stdout
 
Finished building: Board_Dev-layout.list
 
23:00:04 **** Incremental Build of configuration Debug for project Board_Dev-layout ****
make -j8 all 
arm-none-eabi-size   Board_Dev-layout.elf 
   text	   data	    bss	    dec	    hex	filename
  36476	    256	   2976	  39708	   9b1c	Board_Dev-layout.elf
Finished building: default.size.stdout
 
23:05:31 **** Incremental Build of configuration Debug for project Board_Dev-layout ****
make -j8 all 
arm-none-eabi-gcc "../Core/Src/main.c" -mcpu=cortex-m0plus -std=gnu11 -g3 -DDEBUG -DUSE_HAL_DRIVER -DSTM32G031xx -c -I../Core/Inc -I../Drivers/STM32G0xx_HAL_Driver/Inc -I../Drivers/STM32G0xx_HAL_Driver/Inc/Legacy -I../Drivers/CMSIS/Device/ST/STM32G0xx/Include -I../Drivers/CMSIS/Include -O0 -ffunction-sections -fdata-sections -Wall -fstack-usage -fcyclomatic-complexity -MMD -MP -MF"Core/Src/main.d" -MT"Core/Src/main.o" --specs=nano.specs -mfloat-abi=soft -mthumb -o "Core/Src/main.o"
../Core/Src/main.c: In function 'main':
../Core/Src/main.c:191:19: warning: assignment to 'uint32_t *' {aka 'long unsigned int *'} from 'int' makes pointer from integer without a cast [-Wint-conversion]
  191 |         Temp.gain = 1; //#TODO get this value from internal saved reference value
      |                   ^
../Core/Src/main.c:182:31: warning: variable 'Temp' set but not used [-Wunused-but-set-variable]
  182 |         struct sensor Co, No, Temp;
      |                               ^~~~
In file included from ../Core/Src/main.c:32:
At top level:
../Core/Inc/modbusSlave.h:37:16: warning: 'Coils_Database' defined but not used [-Wunused-variable]
   37 | static uint8_t Coils_Database[25]={
      |                ^~~~~~~~~~~~~~
../Core/Inc/modbusSlave.h:21:17: warning: 'Holding_Registers_Database' defined but not used [-Wunused-variable]
   21 | static uint16_t Holding_Registers_Database[50]={
      |                 ^~~~~~~~~~~~~~~~~~~~~~~~~~
arm-none-eabi-gcc -o "Board_Dev-layout.elf" @"objects.list"   -mcpu=cortex-m0plus -T"D:\Sarbach_Product dev\Gassensor-garage\Gas-sens_Rs-485\Software_Breadboard\Board_Dev-layout\STM32G031K8TX_FLASH.ld" --specs=nosys.specs -Wl,-Map="Board_Dev-layout.map" -Wl,--gc-sections -static --specs=nano.specs -mfloat-abi=soft -mthumb -Wl,--start-group -lc -lm -Wl,--end-group
Finished building target: Board_Dev-layout.elf
 
arm-none-eabi-size   Board_Dev-layout.elf 
arm-none-eabi-objdump -h -S  Board_Dev-layout.elf  > "Board_Dev-layout.list"
   text	   data	    bss	    dec	    hex	filename
  36472	    256	   2976	  39704	   9b18	Board_Dev-layout.elf
Finished building: default.size.stdout
 
Finished building: Board_Dev-layout.list
 
23:07:26 **** Incremental Build of configuration Debug for project Board_Dev-layout ****
make -j8 all 
arm-none-eabi-gcc "../Core/Src/main.c" -mcpu=cortex-m0plus -std=gnu11 -g3 -DDEBUG -DUSE_HAL_DRIVER -DSTM32G031xx -c -I../Core/Inc -I../Drivers/STM32G0xx_HAL_Driver/Inc -I../Drivers/STM32G0xx_HAL_Driver/Inc/Legacy -I../Drivers/CMSIS/Device/ST/STM32G0xx/Include -I../Drivers/CMSIS/Include -O0 -ffunction-sections -fdata-sections -Wall -fstack-usage -fcyclomatic-complexity -MMD -MP -MF"Core/Src/main.d" -MT"Core/Src/main.o" --specs=nano.specs -mfloat-abi=soft -mthumb -o "Core/Src/main.o"
../Core/Src/main.c: In function 'main':
../Core/Src/main.c:191:19: warning: assignment to 'uint32_t *' {aka 'long unsigned int *'} from 'int' makes pointer from integer without a cast [-Wint-conversion]
  191 |         Temp.gain = 1; //#TODO get this value from internal saved reference value
      |                   ^
../Core/Src/main.c:182:31: warning: variable 'Temp' set but not used [-Wunused-but-set-variable]
  182 |         struct sensor Co, No, Temp;
      |                               ^~~~
In file included from ../Core/Src/main.c:32:
At top level:
../Core/Inc/modbusSlave.h:37:16: warning: 'Coils_Database' defined but not used [-Wunused-variable]
   37 | static uint8_t Coils_Database[25]={
      |                ^~~~~~~~~~~~~~
../Core/Inc/modbusSlave.h:21:17: warning: 'Holding_Registers_Database' defined but not used [-Wunused-variable]
   21 | static uint16_t Holding_Registers_Database[50]={
      |                 ^~~~~~~~~~~~~~~~~~~~~~~~~~
arm-none-eabi-gcc -o "Board_Dev-layout.elf" @"objects.list"   -mcpu=cortex-m0plus -T"D:\Sarbach_Product dev\Gassensor-garage\Gas-sens_Rs-485\Software_Breadboard\Board_Dev-layout\STM32G031K8TX_FLASH.ld" --specs=nosys.specs -Wl,-Map="Board_Dev-layout.map" -Wl,--gc-sections -static --specs=nano.specs -mfloat-abi=soft -mthumb -Wl,--start-group -lc -lm -Wl,--end-group
Finished building target: Board_Dev-layout.elf
 
arm-none-eabi-size   Board_Dev-layout.elf 
arm-none-eabi-objdump -h -S  Board_Dev-layout.elf  > "Board_Dev-layout.list"
   text	   data	    bss	    dec	    hex	filename
  36492	    256	   2976	  39724	   9b2c	Board_Dev-layout.elf
Finished building: default.size.stdout
 
Finished building: Board_Dev-layout.list
 
23:08:41 **** Incremental Build of configuration Debug for project Board_Dev-layout ****
make -j8 all 
arm-none-eabi-gcc "../Core/Src/main.c" -mcpu=cortex-m0plus -std=gnu11 -g3 -DDEBUG -DUSE_HAL_DRIVER -DSTM32G031xx -c -I../Core/Inc -I../Drivers/STM32G0xx_HAL_Driver/Inc -I../Drivers/STM32G0xx_HAL_Driver/Inc/Legacy -I../Drivers/CMSIS/Device/ST/STM32G0xx/Include -I../Drivers/CMSIS/Include -O0 -ffunction-sections -fdata-sections -Wall -fstack-usage -fcyclomatic-complexity -MMD -MP -MF"Core/Src/main.d" -MT"Core/Src/main.o" --specs=nano.specs -mfloat-abi=soft -mthumb -o "Core/Src/main.o"
../Core/Src/main.c: In function 'main':
../Core/Src/main.c:191:19: warning: assignment to 'uint32_t *' {aka 'long unsigned int *'} from 'int' makes pointer from integer without a cast [-Wint-conversion]
  191 |         Temp.gain = 1; //#TODO get this value from internal saved reference value
      |                   ^
../Core/Src/main.c:182:31: warning: variable 'Temp' set but not used [-Wunused-but-set-variable]
  182 |         struct sensor Co, No, Temp;
      |                               ^~~~
In file included from ../Core/Src/main.c:32:
At top level:
../Core/Inc/modbusSlave.h:37:16: warning: 'Coils_Database' defined but not used [-Wunused-variable]
   37 | static uint8_t Coils_Database[25]={
      |                ^~~~~~~~~~~~~~
../Core/Inc/modbusSlave.h:21:17: warning: 'Holding_Registers_Database' defined but not used [-Wunused-variable]
   21 | static uint16_t Holding_Registers_Database[50]={
      |                 ^~~~~~~~~~~~~~~~~~~~~~~~~~
arm-none-eabi-gcc -o "Board_Dev-layout.elf" @"objects.list"   -mcpu=cortex-m0plus -T"D:\Sarbach_Product dev\Gassensor-garage\Gas-sens_Rs-485\Software_Breadboard\Board_Dev-layout\STM32G031K8TX_FLASH.ld" --specs=nosys.specs -Wl,-Map="Board_Dev-layout.map" -Wl,--gc-sections -static --specs=nano.specs -mfloat-abi=soft -mthumb -Wl,--start-group -lc -lm -Wl,--end-group
Finished building target: Board_Dev-layout.elf
 
arm-none-eabi-size   Board_Dev-layout.elf 
arm-none-eabi-objdump -h -S  Board_Dev-layout.elf  > "Board_Dev-layout.list"
   text	   data	    bss	    dec	    hex	filename
  36492	    256	   2976	  39724	   9b2c	Board_Dev-layout.elf
Finished building: default.size.stdout
 
Finished building: Board_Dev-layout.list
 
23:10:45 **** Incremental Build of configuration Debug for project Board_Dev-layout ****
make -j8 all 
arm-none-eabi-gcc "../Core/Src/main.c" -mcpu=cortex-m0plus -std=gnu11 -g3 -DDEBUG -DUSE_HAL_DRIVER -DSTM32G031xx -c -I../Core/Inc -I../Drivers/STM32G0xx_HAL_Driver/Inc -I../Drivers/STM32G0xx_HAL_Driver/Inc/Legacy -I../Drivers/CMSIS/Device/ST/STM32G0xx/Include -I../Drivers/CMSIS/Include -O0 -ffunction-sections -fdata-sections -Wall -fstack-usage -fcyclomatic-complexity -MMD -MP -MF"Core/Src/main.d" -MT"Core/Src/main.o" --specs=nano.specs -mfloat-abi=soft -mthumb -o "Core/Src/main.o"
../Core/Src/main.c: In function 'main':
../Core/Src/main.c:191:19: warning: assignment to 'uint32_t *' {aka 'long unsigned int *'} from 'int' makes pointer from integer without a cast [-Wint-conversion]
  191 |         Temp.gain = 1; //#TODO get this value from internal saved reference value
      |                   ^
../Core/Src/main.c:182:31: warning: variable 'Temp' set but not used [-Wunused-but-set-variable]
  182 |         struct sensor Co, No, Temp;
      |                               ^~~~
In file included from ../Core/Src/main.c:32:
At top level:
../Core/Inc/modbusSlave.h:37:16: warning: 'Coils_Database' defined but not used [-Wunused-variable]
   37 | static uint8_t Coils_Database[25]={
      |                ^~~~~~~~~~~~~~
../Core/Inc/modbusSlave.h:21:17: warning: 'Holding_Registers_Database' defined but not used [-Wunused-variable]
   21 | static uint16_t Holding_Registers_Database[50]={
      |                 ^~~~~~~~~~~~~~~~~~~~~~~~~~
arm-none-eabi-gcc -o "Board_Dev-layout.elf" @"objects.list"   -mcpu=cortex-m0plus -T"D:\Sarbach_Product dev\Gassensor-garage\Gas-sens_Rs-485\Software_Breadboard\Board_Dev-layout\STM32G031K8TX_FLASH.ld" --specs=nosys.specs -Wl,-Map="Board_Dev-layout.map" -Wl,--gc-sections -static --specs=nano.specs -mfloat-abi=soft -mthumb -Wl,--start-group -lc -lm -Wl,--end-group
Finished building target: Board_Dev-layout.elf
 
arm-none-eabi-size   Board_Dev-layout.elf 
arm-none-eabi-objdump -h -S  Board_Dev-layout.elf  > "Board_Dev-layout.list"
   text	   data	    bss	    dec	    hex	filename
  36484	    256	   2976	  39716	   9b24	Board_Dev-layout.elf
Finished building: default.size.stdout
 
Finished building: Board_Dev-layout.list
 
23:12:42 **** Incremental Build of configuration Debug for project Board_Dev-layout ****
make -j8 all 
arm-none-eabi-size   Board_Dev-layout.elf 
   text	   data	    bss	    dec	    hex	filename
  36484	    256	   2976	  39716	   9b24	Board_Dev-layout.elf
Finished building: default.size.stdout
 
23:16:07 **** Incremental Build of configuration Debug for project Board_Dev-layout ****
make -j8 all 
arm-none-eabi-gcc "../Core/Src/main.c" -mcpu=cortex-m0plus -std=gnu11 -g3 -DDEBUG -DUSE_HAL_DRIVER -DSTM32G031xx -c -I../Core/Inc -I../Drivers/STM32G0xx_HAL_Driver/Inc -I../Drivers/STM32G0xx_HAL_Driver/Inc/Legacy -I../Drivers/CMSIS/Device/ST/STM32G0xx/Include -I../Drivers/CMSIS/Include -O0 -ffunction-sections -fdata-sections -Wall -fstack-usage -fcyclomatic-complexity -MMD -MP -MF"Core/Src/main.d" -MT"Core/Src/main.o" --specs=nano.specs -mfloat-abi=soft -mthumb -o "Core/Src/main.o"
arm-none-eabi-gcc "../Core/Src/modbusSlave.c" -mcpu=cortex-m0plus -std=gnu11 -g3 -DDEBUG -DUSE_HAL_DRIVER -DSTM32G031xx -c -I../Core/Inc -I../Drivers/STM32G0xx_HAL_Driver/Inc -I../Drivers/STM32G0xx_HAL_Driver/Inc/Legacy -I../Drivers/CMSIS/Device/ST/STM32G0xx/Include -I../Drivers/CMSIS/Include -O0 -ffunction-sections -fdata-sections -Wall -fstack-usage -fcyclomatic-complexity -MMD -MP -MF"Core/Src/modbusSlave.d" -MT"Core/Src/modbusSlave.o" --specs=nano.specs -mfloat-abi=soft -mthumb -o "Core/Src/modbusSlave.o"
../Core/Src/main.c: In function 'main':
../Core/Src/main.c:191:19: warning: assignment to 'uint32_t *' {aka 'long unsigned int *'} from 'int' makes pointer from integer without a cast [-Wint-conversion]
  191 |         Temp.gain = 1; //#TODO get this value from internal saved reference value
      |                   ^
../Core/Src/main.c:182:31: warning: variable 'Temp' set but not used [-Wunused-but-set-variable]
  182 |         struct sensor Co, No, Temp;
      |                               ^~~~
In file included from ../Core/Src/main.c:32:
At top level:
../Core/Inc/modbusSlave.h:37:16: warning: 'Coils_Database' defined but not used [-Wunused-variable]
   37 | static uint8_t Coils_Database[25]={
      |                ^~~~~~~~~~~~~~
../Core/Inc/modbusSlave.h:21:16: warning: 'Holding_Registers_Database' defined but not used [-Wunused-variable]
   21 | static int16_t Holding_Registers_Database[50]={
      |                ^~~~~~~~~~~~~~~~~~~~~~~~~~
../Core/Src/modbusSlave.c: In function 'writeHoldingRegs':
../Core/Src/modbusSlave.c:275:71: warning: operation on 'indx' may be undefined [-Wsequence-point]
  275 |                 Holding_Registers_Database[startAddr++] = (RxData[indx++]<<8)|RxData[indx++];
      |                                                                   ~~~~^~
arm-none-eabi-gcc -o "Board_Dev-layout.elf" @"objects.list"   -mcpu=cortex-m0plus -T"D:\Sarbach_Product dev\Gassensor-garage\Gas-sens_Rs-485\Software_Breadboard\Board_Dev-layout\STM32G031K8TX_FLASH.ld" --specs=nosys.specs -Wl,-Map="Board_Dev-layout.map" -Wl,--gc-sections -static --specs=nano.specs -mfloat-abi=soft -mthumb -Wl,--start-group -lc -lm -Wl,--end-group
Finished building target: Board_Dev-layout.elf
 
arm-none-eabi-size   Board_Dev-layout.elf 
arm-none-eabi-objdump -h -S  Board_Dev-layout.elf  > "Board_Dev-layout.list"
   text	   data	    bss	    dec	    hex	filename
  36508	    256	   2976	  39740	   9b3c	Board_Dev-layout.elf
Finished building: default.size.stdout
 
Finished building: Board_Dev-layout.list
 
23:18:01 **** Incremental Build of configuration Debug for project Board_Dev-layout ****
make -j8 all 
arm-none-eabi-gcc "../Core/Src/main.c" -mcpu=cortex-m0plus -std=gnu11 -g3 -DDEBUG -DUSE_HAL_DRIVER -DSTM32G031xx -c -I../Core/Inc -I../Drivers/STM32G0xx_HAL_Driver/Inc -I../Drivers/STM32G0xx_HAL_Driver/Inc/Legacy -I../Drivers/CMSIS/Device/ST/STM32G0xx/Include -I../Drivers/CMSIS/Include -O0 -ffunction-sections -fdata-sections -Wall -fstack-usage -fcyclomatic-complexity -MMD -MP -MF"Core/Src/main.d" -MT"Core/Src/main.o" --specs=nano.specs -mfloat-abi=soft -mthumb -o "Core/Src/main.o"
../Core/Src/main.c: In function 'main':
../Core/Src/main.c:191:19: warning: assignment to 'uint32_t *' {aka 'long unsigned int *'} from 'int' makes pointer from integer without a cast [-Wint-conversion]
  191 |         Temp.gain = 1; //#TODO get this value from internal saved reference value
      |                   ^
../Core/Src/main.c:182:31: warning: variable 'Temp' set but not used [-Wunused-but-set-variable]
  182 |         struct sensor Co, No, Temp;
      |                               ^~~~
In file included from ../Core/Src/main.c:32:
At top level:
../Core/Inc/modbusSlave.h:37:16: warning: 'Coils_Database' defined but not used [-Wunused-variable]
   37 | static uint8_t Coils_Database[25]={
      |                ^~~~~~~~~~~~~~
../Core/Inc/modbusSlave.h:21:16: warning: 'Holding_Registers_Database' defined but not used [-Wunused-variable]
   21 | static int16_t Holding_Registers_Database[50]={
      |                ^~~~~~~~~~~~~~~~~~~~~~~~~~
arm-none-eabi-gcc -o "Board_Dev-layout.elf" @"objects.list"   -mcpu=cortex-m0plus -T"D:\Sarbach_Product dev\Gassensor-garage\Gas-sens_Rs-485\Software_Breadboard\Board_Dev-layout\STM32G031K8TX_FLASH.ld" --specs=nosys.specs -Wl,-Map="Board_Dev-layout.map" -Wl,--gc-sections -static --specs=nano.specs -mfloat-abi=soft -mthumb -Wl,--start-group -lc -lm -Wl,--end-group
Finished building target: Board_Dev-layout.elf
 
arm-none-eabi-size   Board_Dev-layout.elf 
arm-none-eabi-objdump -h -S  Board_Dev-layout.elf  > "Board_Dev-layout.list"
   text	   data	    bss	    dec	    hex	filename
  36508	    256	   2976	  39740	   9b3c	Board_Dev-layout.elf
Finished building: default.size.stdout
 
Finished building: Board_Dev-layout.list
 
23:19:16 **** Incremental Build of configuration Debug for project Board_Dev-layout ****
make -j8 all 
arm-none-eabi-gcc "../Core/Src/main.c" -mcpu=cortex-m0plus -std=gnu11 -g3 -DDEBUG -DUSE_HAL_DRIVER -DSTM32G031xx -c -I../Core/Inc -I../Drivers/STM32G0xx_HAL_Driver/Inc -I../Drivers/STM32G0xx_HAL_Driver/Inc/Legacy -I../Drivers/CMSIS/Device/ST/STM32G0xx/Include -I../Drivers/CMSIS/Include -O0 -ffunction-sections -fdata-sections -Wall -fstack-usage -fcyclomatic-complexity -MMD -MP -MF"Core/Src/main.d" -MT"Core/Src/main.o" --specs=nano.specs -mfloat-abi=soft -mthumb -o "Core/Src/main.o"
../Core/Src/main.c: In function 'main':
../Core/Src/main.c:191:19: warning: assignment to 'uint32_t *' {aka 'long unsigned int *'} from 'int' makes pointer from integer without a cast [-Wint-conversion]
  191 |         Temp.gain = 1; //#TODO get this value from internal saved reference value
      |                   ^
../Core/Src/main.c:182:31: warning: variable 'Temp' set but not used [-Wunused-but-set-variable]
  182 |         struct sensor Co, No, Temp;
      |                               ^~~~
In file included from ../Core/Src/main.c:32:
At top level:
../Core/Inc/modbusSlave.h:37:16: warning: 'Coils_Database' defined but not used [-Wunused-variable]
   37 | static uint8_t Coils_Database[25]={
      |                ^~~~~~~~~~~~~~
../Core/Inc/modbusSlave.h:21:16: warning: 'Holding_Registers_Database' defined but not used [-Wunused-variable]
   21 | static int16_t Holding_Registers_Database[50]={
      |                ^~~~~~~~~~~~~~~~~~~~~~~~~~
arm-none-eabi-gcc -o "Board_Dev-layout.elf" @"objects.list"   -mcpu=cortex-m0plus -T"D:\Sarbach_Product dev\Gassensor-garage\Gas-sens_Rs-485\Software_Breadboard\Board_Dev-layout\STM32G031K8TX_FLASH.ld" --specs=nosys.specs -Wl,-Map="Board_Dev-layout.map" -Wl,--gc-sections -static --specs=nano.specs -mfloat-abi=soft -mthumb -Wl,--start-group -lc -lm -Wl,--end-group
Finished building target: Board_Dev-layout.elf
 
arm-none-eabi-size   Board_Dev-layout.elf 
arm-none-eabi-objdump -h -S  Board_Dev-layout.elf  > "Board_Dev-layout.list"
   text	   data	    bss	    dec	    hex	filename
  36516	    256	   2976	  39748	   9b44	Board_Dev-layout.elf
Finished building: default.size.stdout
 
Finished building: Board_Dev-layout.list
 
23:21:22 **** Incremental Build of configuration Debug for project Board_Dev-layout ****
make -j8 all 
arm-none-eabi-gcc "../Core/Src/main.c" -mcpu=cortex-m0plus -std=gnu11 -g3 -DDEBUG -DUSE_HAL_DRIVER -DSTM32G031xx -c -I../Core/Inc -I../Drivers/STM32G0xx_HAL_Driver/Inc -I../Drivers/STM32G0xx_HAL_Driver/Inc/Legacy -I../Drivers/CMSIS/Device/ST/STM32G0xx/Include -I../Drivers/CMSIS/Include -O0 -ffunction-sections -fdata-sections -Wall -fstack-usage -fcyclomatic-complexity -MMD -MP -MF"Core/Src/main.d" -MT"Core/Src/main.o" --specs=nano.specs -mfloat-abi=soft -mthumb -o "Core/Src/main.o"
../Core/Src/main.c: In function 'main':
../Core/Src/main.c:191:19: warning: assignment to 'uint32_t *' {aka 'long unsigned int *'} from 'int' makes pointer from integer without a cast [-Wint-conversion]
  191 |         Temp.gain = 1; //#TODO get this value from internal saved reference value
      |                   ^
../Core/Src/main.c:182:31: warning: variable 'Temp' set but not used [-Wunused-but-set-variable]
  182 |         struct sensor Co, No, Temp;
      |                               ^~~~
In file included from ../Core/Src/main.c:32:
At top level:
../Core/Inc/modbusSlave.h:37:16: warning: 'Coils_Database' defined but not used [-Wunused-variable]
   37 | static uint8_t Coils_Database[25]={
      |                ^~~~~~~~~~~~~~
../Core/Inc/modbusSlave.h:21:16: warning: 'Holding_Registers_Database' defined but not used [-Wunused-variable]
   21 | static int16_t Holding_Registers_Database[50]={
      |                ^~~~~~~~~~~~~~~~~~~~~~~~~~
arm-none-eabi-gcc -o "Board_Dev-layout.elf" @"objects.list"   -mcpu=cortex-m0plus -T"D:\Sarbach_Product dev\Gassensor-garage\Gas-sens_Rs-485\Software_Breadboard\Board_Dev-layout\STM32G031K8TX_FLASH.ld" --specs=nosys.specs -Wl,-Map="Board_Dev-layout.map" -Wl,--gc-sections -static --specs=nano.specs -mfloat-abi=soft -mthumb -Wl,--start-group -lc -lm -Wl,--end-group
Finished building target: Board_Dev-layout.elf
 
arm-none-eabi-size   Board_Dev-layout.elf 
arm-none-eabi-objdump -h -S  Board_Dev-layout.elf  > "Board_Dev-layout.list"
   text	   data	    bss	    dec	    hex	filename
  36516	    256	   2976	  39748	   9b44	Board_Dev-layout.elf
Finished building: default.size.stdout
 
Finished building: Board_Dev-layout.list
 
23:22:39 **** Incremental Build of configuration Debug for project Board_Dev-layout ****
make -j8 all 
arm-none-eabi-gcc "../Core/Src/main.c" -mcpu=cortex-m0plus -std=gnu11 -g3 -DDEBUG -DUSE_HAL_DRIVER -DSTM32G031xx -c -I../Core/Inc -I../Drivers/STM32G0xx_HAL_Driver/Inc -I../Drivers/STM32G0xx_HAL_Driver/Inc/Legacy -I../Drivers/CMSIS/Device/ST/STM32G0xx/Include -I../Drivers/CMSIS/Include -O0 -ffunction-sections -fdata-sections -Wall -fstack-usage -fcyclomatic-complexity -MMD -MP -MF"Core/Src/main.d" -MT"Core/Src/main.o" --specs=nano.specs -mfloat-abi=soft -mthumb -o "Core/Src/main.o"
arm-none-eabi-gcc "../Core/Src/modbusSlave.c" -mcpu=cortex-m0plus -std=gnu11 -g3 -DDEBUG -DUSE_HAL_DRIVER -DSTM32G031xx -c -I../Core/Inc -I../Drivers/STM32G0xx_HAL_Driver/Inc -I../Drivers/STM32G0xx_HAL_Driver/Inc/Legacy -I../Drivers/CMSIS/Device/ST/STM32G0xx/Include -I../Drivers/CMSIS/Include -O0 -ffunction-sections -fdata-sections -Wall -fstack-usage -fcyclomatic-complexity -MMD -MP -MF"Core/Src/modbusSlave.d" -MT"Core/Src/modbusSlave.o" --specs=nano.specs -mfloat-abi=soft -mthumb -o "Core/Src/modbusSlave.o"
../Core/Src/modbusSlave.c: In function 'writeHoldingRegs':
../Core/Src/modbusSlave.c:275:71: warning: operation on 'indx' may be undefined [-Wsequence-point]
  275 |                 Holding_Registers_Database[startAddr++] = (RxData[indx++]<<8)|RxData[indx++];
      |                                                                   ~~~~^~
../Core/Src/main.c: In function 'main':
../Core/Src/main.c:191:19: warning: assignment to 'uint32_t *' {aka 'long unsigned int *'} from 'int' makes pointer from integer without a cast [-Wint-conversion]
  191 |         Temp.gain = 1; //#TODO get this value from internal saved reference value
      |                   ^
../Core/Src/main.c:182:31: warning: variable 'Temp' set but not used [-Wunused-but-set-variable]
  182 |         struct sensor Co, No, Temp;
      |                               ^~~~
In file included from ../Core/Src/main.c:32:
At top level:
../Core/Inc/modbusSlave.h:37:16: warning: 'Coils_Database' defined but not used [-Wunused-variable]
   37 | static uint8_t Coils_Database[25]={
      |                ^~~~~~~~~~~~~~
../Core/Inc/modbusSlave.h:21:16: warning: 'Holding_Registers_Database' defined but not used [-Wunused-variable]
   21 | static int16_t Holding_Registers_Database[50]={
      |                ^~~~~~~~~~~~~~~~~~~~~~~~~~
arm-none-eabi-gcc -o "Board_Dev-layout.elf" @"objects.list"   -mcpu=cortex-m0plus -T"D:\Sarbach_Product dev\Gassensor-garage\Gas-sens_Rs-485\Software_Breadboard\Board_Dev-layout\STM32G031K8TX_FLASH.ld" --specs=nosys.specs -Wl,-Map="Board_Dev-layout.map" -Wl,--gc-sections -static --specs=nano.specs -mfloat-abi=soft -mthumb -Wl,--start-group -lc -lm -Wl,--end-group
Finished building target: Board_Dev-layout.elf
 
arm-none-eabi-size   Board_Dev-layout.elf 
arm-none-eabi-objdump -h -S  Board_Dev-layout.elf  > "Board_Dev-layout.list"
   text	   data	    bss	    dec	    hex	filename
  36516	    256	   2976	  39748	   9b44	Board_Dev-layout.elf
Finished building: default.size.stdout
 
Finished building: Board_Dev-layout.list
 
23:33:50 **** Incremental Build of configuration Debug for project Board_Dev-layout ****
make -j8 all 
arm-none-eabi-gcc "../Core/Src/main.c" -mcpu=cortex-m0plus -std=gnu11 -g3 -DDEBUG -DUSE_HAL_DRIVER -DSTM32G031xx -c -I../Core/Inc -I../Drivers/STM32G0xx_HAL_Driver/Inc -I../Drivers/STM32G0xx_HAL_Driver/Inc/Legacy -I../Drivers/CMSIS/Device/ST/STM32G0xx/Include -I../Drivers/CMSIS/Include -O0 -ffunction-sections -fdata-sections -Wall -fstack-usage -fcyclomatic-complexity -MMD -MP -MF"Core/Src/main.d" -MT"Core/Src/main.o" --specs=nano.specs -mfloat-abi=soft -mthumb -o "Core/Src/main.o"
../Core/Src/main.c: In function 'main':
../Core/Src/main.c:191:19: warning: assignment to 'uint32_t *' {aka 'long unsigned int *'} from 'int' makes pointer from integer without a cast [-Wint-conversion]
  191 |         Temp.gain = 1; //#TODO get this value from internal saved reference value
      |                   ^
../Core/Src/main.c:182:31: warning: variable 'Temp' set but not used [-Wunused-but-set-variable]
  182 |         struct sensor Co, No, Temp;
      |                               ^~~~
In file included from ../Core/Src/main.c:32:
At top level:
../Core/Inc/modbusSlave.h:37:16: warning: 'Coils_Database' defined but not used [-Wunused-variable]
   37 | static uint8_t Coils_Database[25]={
      |                ^~~~~~~~~~~~~~
../Core/Inc/modbusSlave.h:21:16: warning: 'Holding_Registers_Database' defined but not used [-Wunused-variable]
   21 | static int16_t Holding_Registers_Database[50]={
      |                ^~~~~~~~~~~~~~~~~~~~~~~~~~
arm-none-eabi-gcc -o "Board_Dev-layout.elf" @"objects.list"   -mcpu=cortex-m0plus -T"D:\Sarbach_Product dev\Gassensor-garage\Gas-sens_Rs-485\Software_Breadboard\Board_Dev-layout\STM32G031K8TX_FLASH.ld" --specs=nosys.specs -Wl,-Map="Board_Dev-layout.map" -Wl,--gc-sections -static --specs=nano.specs -mfloat-abi=soft -mthumb -Wl,--start-group -lc -lm -Wl,--end-group
Finished building target: Board_Dev-layout.elf
 
arm-none-eabi-size   Board_Dev-layout.elf 
arm-none-eabi-objdump -h -S  Board_Dev-layout.elf  > "Board_Dev-layout.list"
   text	   data	    bss	    dec	    hex	filename
  36524	    256	   2976	  39756	   9b4c	Board_Dev-layout.elf
Finished building: default.size.stdout
 
Finished building: Board_Dev-layout.list
 
23:35:40 **** Incremental Build of configuration Debug for project Board_Dev-layout ****
make -j8 all 
arm-none-eabi-gcc "../Core/Src/main.c" -mcpu=cortex-m0plus -std=gnu11 -g3 -DDEBUG -DUSE_HAL_DRIVER -DSTM32G031xx -c -I../Core/Inc -I../Drivers/STM32G0xx_HAL_Driver/Inc -I../Drivers/STM32G0xx_HAL_Driver/Inc/Legacy -I../Drivers/CMSIS/Device/ST/STM32G0xx/Include -I../Drivers/CMSIS/Include -O0 -ffunction-sections -fdata-sections -Wall -fstack-usage -fcyclomatic-complexity -MMD -MP -MF"Core/Src/main.d" -MT"Core/Src/main.o" --specs=nano.specs -mfloat-abi=soft -mthumb -o "Core/Src/main.o"
../Core/Src/main.c: In function 'main':
../Core/Src/main.c:191:19: warning: assignment to 'uint32_t *' {aka 'long unsigned int *'} from 'int' makes pointer from integer without a cast [-Wint-conversion]
  191 |         Temp.gain = 1; //#TODO get this value from internal saved reference value
      |                   ^
../Core/Src/main.c:182:31: warning: variable 'Temp' set but not used [-Wunused-but-set-variable]
  182 |         struct sensor Co, No, Temp;
      |                               ^~~~
In file included from ../Core/Src/main.c:32:
At top level:
../Core/Inc/modbusSlave.h:37:16: warning: 'Coils_Database' defined but not used [-Wunused-variable]
   37 | static uint8_t Coils_Database[25]={
      |                ^~~~~~~~~~~~~~
../Core/Inc/modbusSlave.h:21:16: warning: 'Holding_Registers_Database' defined but not used [-Wunused-variable]
   21 | static int16_t Holding_Registers_Database[50]={
      |                ^~~~~~~~~~~~~~~~~~~~~~~~~~
arm-none-eabi-gcc -o "Board_Dev-layout.elf" @"objects.list"   -mcpu=cortex-m0plus -T"D:\Sarbach_Product dev\Gassensor-garage\Gas-sens_Rs-485\Software_Breadboard\Board_Dev-layout\STM32G031K8TX_FLASH.ld" --specs=nosys.specs -Wl,-Map="Board_Dev-layout.map" -Wl,--gc-sections -static --specs=nano.specs -mfloat-abi=soft -mthumb -Wl,--start-group -lc -lm -Wl,--end-group
Finished building target: Board_Dev-layout.elf
 
arm-none-eabi-size   Board_Dev-layout.elf 
arm-none-eabi-objdump -h -S  Board_Dev-layout.elf  > "Board_Dev-layout.list"
   text	   data	    bss	    dec	    hex	filename
  36524	    256	   2976	  39756	   9b4c	Board_Dev-layout.elf
Finished building: default.size.stdout
 
Finished building: Board_Dev-layout.list
 
23:39:39 **** Incremental Build of configuration Debug for project Board_Dev-layout ****
make -j8 all 
arm-none-eabi-gcc "../Core/Src/main.c" -mcpu=cortex-m0plus -std=gnu11 -g3 -DDEBUG -DUSE_HAL_DRIVER -DSTM32G031xx -c -I../Core/Inc -I../Drivers/STM32G0xx_HAL_Driver/Inc -I../Drivers/STM32G0xx_HAL_Driver/Inc/Legacy -I../Drivers/CMSIS/Device/ST/STM32G0xx/Include -I../Drivers/CMSIS/Include -O0 -ffunction-sections -fdata-sections -Wall -fstack-usage -fcyclomatic-complexity -MMD -MP -MF"Core/Src/main.d" -MT"Core/Src/main.o" --specs=nano.specs -mfloat-abi=soft -mthumb -o "Core/Src/main.o"
../Core/Src/main.c: In function 'main':
../Core/Src/main.c:191:19: warning: assignment to 'uint32_t *' {aka 'long unsigned int *'} from 'int' makes pointer from integer without a cast [-Wint-conversion]
  191 |         Temp.gain = 1; //#TODO get this value from internal saved reference value
      |                   ^
../Core/Src/main.c:182:31: warning: variable 'Temp' set but not used [-Wunused-but-set-variable]
  182 |         struct sensor Co, No, Temp;
      |                               ^~~~
In file included from ../Core/Src/main.c:32:
At top level:
../Core/Inc/modbusSlave.h:37:16: warning: 'Coils_Database' defined but not used [-Wunused-variable]
   37 | static uint8_t Coils_Database[25]={
      |                ^~~~~~~~~~~~~~
../Core/Inc/modbusSlave.h:21:16: warning: 'Holding_Registers_Database' defined but not used [-Wunused-variable]
   21 | static int16_t Holding_Registers_Database[50]={
      |                ^~~~~~~~~~~~~~~~~~~~~~~~~~
arm-none-eabi-gcc -o "Board_Dev-layout.elf" @"objects.list"   -mcpu=cortex-m0plus -T"D:\Sarbach_Product dev\Gassensor-garage\Gas-sens_Rs-485\Software_Breadboard\Board_Dev-layout\STM32G031K8TX_FLASH.ld" --specs=nosys.specs -Wl,-Map="Board_Dev-layout.map" -Wl,--gc-sections -static --specs=nano.specs -mfloat-abi=soft -mthumb -Wl,--start-group -lc -lm -Wl,--end-group
Finished building target: Board_Dev-layout.elf
 
arm-none-eabi-size   Board_Dev-layout.elf 
arm-none-eabi-objdump -h -S  Board_Dev-layout.elf  > "Board_Dev-layout.list"
   text	   data	    bss	    dec	    hex	filename
  36524	    256	   2976	  39756	   9b4c	Board_Dev-layout.elf
Finished building: default.size.stdout
 
Finished building: Board_Dev-layout.list
 
23:40:57 **** Incremental Build of configuration Debug for project Board_Dev-layout ****
make -j8 all 
arm-none-eabi-size   Board_Dev-layout.elf 
   text	   data	    bss	    dec	    hex	filename
  36524	    256	   2976	  39756	   9b4c	Board_Dev-layout.elf
Finished building: default.size.stdout
 
23:42:26 **** Incremental Build of configuration Debug for project Board_Dev-layout ****
make -j8 all 
arm-none-eabi-size   Board_Dev-layout.elf 
   text	   data	    bss	    dec	    hex	filename
  36524	    256	   2976	  39756	   9b4c	Board_Dev-layout.elf
Finished building: default.size.stdout
 
23:43:41 **** Incremental Build of configuration Debug for project Board_Dev-layout ****
make -j8 all 
arm-none-eabi-size   Board_Dev-layout.elf 
   text	   data	    bss	    dec	    hex	filename
  36524	    256	   2976	  39756	   9b4c	Board_Dev-layout.elf
Finished building: default.size.stdout
 
