00:29:33 **** Incremental Build of configuration Debug for project Barod_Prototype ****
make -j8 all 
arm-none-eabi-gcc "../Core/Src/main.c" -mcpu=cortex-m0plus -std=gnu11 -g3 -DDEBUG -DUSE_HAL_DRIVER -DSTM32G031xx -c -I../Core/Inc -I../Drivers/STM32G0xx_HAL_Driver/Inc -I../Drivers/STM32G0xx_HAL_Driver/Inc/Legacy -I../Drivers/CMSIS/Device/ST/STM32G0xx/Include -I../Drivers/CMSIS/Include -O0 -ffunction-sections -fdata-sections -Wall -fstack-usage -fcyclomatic-complexity -MMD -MP -MF"Core/Src/main.d" -MT"Core/Src/main.o" --specs=nano.specs -mfloat-abi=soft -mthumb -o "Core/Src/main.o"
../Core/Src/main.c: In function 'main':
../Core/Src/main.c:116:31: warning: variable 'Temp' set but not used [-Wunused-but-set-variable]
  116 |         struct sensor Co, No, Temp;
      |                               ^~~~
arm-none-eabi-gcc -o "Barod_Prototype.elf" @"objects.list"   -mcpu=cortex-m0plus -T"D:\Sarbach_Product dev\Gassensor-garage\Gas-sens_Rs-485\Software_Breadboard\Barod_Prototype\STM32G031K8TX_FLASH.ld" --specs=nosys.specs -Wl,-Map="Barod_Prototype.map" -Wl,--gc-sections -static --specs=nano.specs -mfloat-abi=soft -mthumb -Wl,--start-group -lc -lm -Wl,--end-group
Finished building target: Barod_Prototype.elf
 
arm-none-eabi-size   Barod_Prototype.elf 
arm-none-eabi-objdump -h -S  Barod_Prototype.elf  > "Barod_Prototype.list"
   text	   data	    bss	    dec	    hex	filename
  31020	     28	   2428	  33476	   82c4	Barod_Prototype.elf
Finished building: default.size.stdout
 
Finished building: Barod_Prototype.list
 
00:29:49 **** Incremental Build of configuration Debug for project Barod_Prototype ****
make -j8 all 
arm-none-eabi-size   Barod_Prototype.elf 
   text	   data	    bss	    dec	    hex	filename
  31020	     28	   2428	  33476	   82c4	Barod_Prototype.elf
Finished building: default.size.stdout
 
